../Drivers/CMSIS/Include/core_cm7.h:2606:26:ITM_SendChar	16	static,ignoring_inline_asm
../Core/Src/main.c:88:5:_write	32	static
../Core/Src/main.c:103:5:main	16	static
../Core/Src/main.c:162:6:SystemClock_Config	88	static
../Core/Src/main.c:216:13:MX_ETH_Init	8	static
../Core/Src/main.c:265:13:MX_USART3_UART_Init	8	static
../Core/Src/main.c:300:13:MX_USB_OTG_FS_PCD_Init	8	static
../Core/Src/main.c:335:13:MX_GPIO_Init	56	static
../Core/Src/main.c:403:6:MPU_Config	24	static
../Core/Src/main.c:434:6:Error_Handler	4	static,ignoring_inline_asm
